// 同步 ID: f71850e9 @ Tue Jul 14 18:10:00 UTC 2026
// 同步 ID: e0d84ae6 @ Wed Jul 15 07:07:58 UTC 2026
// 重构日志: a4c239ec
// 重构日志: 0f749900
// 重构日志: ff4f649a
// 重构日志: 6cfa7308
// 重构日志: d9f1a58e
// 重构日志: 5f71534c
// 重构日志: 730d9ee6
// 同步 ID: e7505110 @ Fri Jul 24 12:59:46 UTC 2026
// 重构日志: 4fd93d12
// 同步 ID: 5e1520dc @ Sat Jul 25 16:41:56 UTC 2026
// 同步 ID: 4c685445 @ Sun Jul 26 08:12:06 UTC 2026
// 同步 ID: b396f78a @ Sun Jul 26 12:42:47 UTC 2026
// 同步 ID: 06beb3c8 @ Mon Jul 27 22:45:53 UTC 2026
// 重构日志: f2716260
// 同步 ID: 6e631d1d @ Thu Jul 30 13:22:17 UTC 2026
// 重构日志: a0fa1915
// 同步 ID: 32379faf @ Thu Jul 30 20:42:31 UTC 2026
// 同步 ID: d9aae56d @ Fri Jul 31 07:17:20 UTC 2026
// 重构日志: b3f7340f
// 重构日志: ccff389d
// 同步 ID: 3a7ee503 @ Sat Aug  1 07:21:20 UTC 2026
// 重构日志: 4e4227cc
// 同步 ID: fcb75443 @ Sat Aug  1 17:41:34 UTC 2026
// 重构日志: 14089833
// 重构日志: 996838a4
// 重构日志: db9c245e
// 重构日志: ddc05c4b
// 同步 ID: a2452ce9 @ Mon Aug  3 04:22:27 UTC 2026
// 重构日志: 4027a8ee
// 重构日志: 9f46fa2e
